// Jest Snapshot v1, https://goo.gl/fbAQLP

exports[`Layout matches snapshot 1`] = `
<div>
  <div
    class="css-0"
  >
    <main
      class="chakra-container css-7nseej"
    >
      Test
    </main>
  </div>
</div>
`;
